../src/adcdac_nss.c:43:23:ConvertADCDACIOToIOCONAnabus	8	static
../src/adcdac_nss.c:96:6:Chip_ADCDAC_SetModeADC	0	static
../src/adcdac_nss.c:101:6:Chip_ADCDAC_SetModeDAC	0	static
../src/adcdac_nss.c:106:15:Chip_ADCDAC_GetModeADC	0	static
../src/adcdac_nss.c:111:15:Chip_ADCDAC_GetModeDAC	0	static
../src/adcdac_nss.c:116:6:Chip_ADCDAC_SetMuxADC	16	static
../src/adcdac_nss.c:124:6:Chip_ADCDAC_SetMuxDAC	16	static
../src/adcdac_nss.c:132:13:Chip_ADCDAC_GetMuxADC	0	static
../src/adcdac_nss.c:137:13:Chip_ADCDAC_GetMuxDAC	0	static
../src/adcdac_nss.c:142:6:Chip_ADCDAC_SetInputRangeADC	0	static
../src/adcdac_nss.c:147:21:Chip_ADCDAC_GetInputRangeADC	0	static
../src/adcdac_nss.c:152:6:Chip_ADCDAC_StartADC	0	static
../src/adcdac_nss.c:157:6:Chip_ADCDAC_StartDAC	0	static
../src/adcdac_nss.c:163:6:Chip_ADCDAC_StopADC	0	static
../src/adcdac_nss.c:168:6:Chip_ADCDAC_StopDAC	0	static
../src/adcdac_nss.c:173:17:Chip_ADCDAC_ReadStatus	0	static
../src/adcdac_nss.c:193:5:Chip_ADCDAC_GetValueADC	0	static
../src/adcdac_nss.c:198:6:Chip_ADCDAC_WriteOutputDAC	8	static
../src/adcdac_nss.c:210:6:Chip_ADCDAC_Int_SetThresholdLowADC	0	static
../src/adcdac_nss.c:215:6:Chip_ADCDAC_Int_SetThresholdHighADC	0	static
../src/adcdac_nss.c:220:5:Chip_ADCDAC_Int_GetThresholdLowADC	0	static
../src/adcdac_nss.c:225:5:Chip_ADCDAC_Int_GetThresholdHighADC	0	static
../src/adcdac_nss.c:230:6:Chip_ADCDAC_Int_SetEnabledMask	0	static
../src/adcdac_nss.c:82:6:Chip_ADCDAC_DeInit	8	static
../src/adcdac_nss.c:235:14:Chip_ADCDAC_Int_GetEnabledMask	0	static
../src/adcdac_nss.c:240:14:Chip_ADCDAC_Int_GetRawStatus	0	static
../src/adcdac_nss.c:245:6:Chip_ADCDAC_Int_ClearRawStatus	0	static
../src/adcdac_nss.c:61:6:Chip_ADCDAC_Init	8	static
