../src/clock_nss.c:14:6:Chip_Clock_System_SetClockDiv	8	static
../src/clock_nss.c:49:5:Chip_Clock_System_GetClockDiv	0	static
../src/clock_nss.c:55:6:Chip_Clock_System_SetClockFreq	8	static
../src/clock_nss.c:66:5:Chip_Clock_System_GetClockFreq	8	static
../src/clock_nss.c:72:6:Chip_Clock_System_BusyWait_us	8	static
../src/clock_nss.c:109:6:Chip_Clock_System_BusyWait_ms	8	static
../src/clock_nss.c:118:6:Chip_Clock_SPI0_SetClockDiv	0	static
../src/clock_nss.c:135:5:Chip_Clock_SPI0_GetClockDiv	0	static
../src/clock_nss.c:145:6:Chip_Clock_SPI0_SetClockFreq	8	static
../src/clock_nss.c:161:5:Chip_Clock_SPI0_GetClockFreq	8	static
../src/clock_nss.c:168:6:Chip_Clock_Watchdog_SetClockDiv	0	static
../src/clock_nss.c:190:5:Chip_Clock_Watchdog_GetClockDiv	0	static
../src/clock_nss.c:202:6:Chip_Clock_Watchdog_SetClockFreq	8	static
../src/clock_nss.c:218:5:Chip_Clock_Watchdog_GetClockFreq	8	static
../src/clock_nss.c:225:6:Chip_Clock_Peripheral_EnableClock	8	static
../src/clock_nss.c:230:6:Chip_Clock_Peripheral_DisableClock	8	static
../src/clock_nss.c:235:6:Chip_Clock_Peripheral_SetClockEnabled	0	static
../src/clock_nss.c:240:20:Chip_Clock_Peripheral_GetClockEnabled	0	static
../src/clock_nss.c:245:6:Chip_Clock_Watchdog_SetClockSource	0	static
../src/clock_nss.c:255:24:Chip_Clock_Watchdog_GetClockSource	0	static
../src/clock_nss.c:260:6:Chip_Clock_Clkout_SetClockSource	0	static
../src/clock_nss.c:265:22:Chip_Clock_Clkout_GetClockSource	0	static
