../src/tsen_nss.c:45:6:Chip_TSen_DeInit	8	static
../src/tsen_nss.c:55:6:Chip_TSen_SetResolution	0	static
../src/tsen_nss.c:60:19:Chip_TSen_GetResolution	0	static
../src/tsen_nss.c:65:6:Chip_TSen_Start	0	static
../src/tsen_nss.c:70:15:Chip_TSen_ReadStatus	8	static
../src/tsen_nss.c:89:5:Chip_TSen_GetValue	0	static
../src/tsen_nss.c:95:5:Chip_TSen_NativeToKelvin	0	static
../src/tsen_nss.c:103:5:Chip_TSen_KelvinToNative	8	static
../src/tsen_nss.c:111:5:Chip_TSen_NativeToCelsius	8	static
../src/tsen_nss.c:120:5:Chip_TSen_CelsiusToNative	8	static
../src/tsen_nss.c:129:5:Chip_TSen_NativeToFahrenheit	16	static
../src/tsen_nss.c:139:5:Chip_TSen_FahrenheitToNative	8	static
../src/tsen_nss.c:148:6:Chip_TSen_Int_SetThresholdLow	0	static
../src/tsen_nss.c:153:5:Chip_TSen_Int_GetThresholdLow	0	static
../src/tsen_nss.c:158:6:Chip_TSen_Int_SetThresholdHigh	0	static
../src/tsen_nss.c:22:6:Chip_TSen_Init	8	static
../src/tsen_nss.c:163:5:Chip_TSen_Int_GetThresholdHigh	0	static
../src/tsen_nss.c:168:6:Chip_TSen_Int_SetEnabledMask	0	static
../src/tsen_nss.c:173:12:Chip_TSen_Int_GetEnabledMask	0	static
../src/tsen_nss.c:178:12:Chip_TSen_Int_GetRawStatus	0	static
../src/tsen_nss.c:183:6:Chip_TSen_Int_ClearRawStatus	0	static
