../src/i2c_nss.c:472:6:Chip_I2C_EventHandler	0	static
../src/i2c_nss.c:313:5:handleMasterXferState	12	static
../src/i2c_nss.c:390:14:getSlaveIndex	8	static
../src/i2c_nss.c:407:5:handleSlaveXferState	8	static
../src/i2c_nss.c:516:6:Chip_I2C_Init	16	static
../src/i2c_nss.c:531:6:Chip_I2C_DeInit	8	static
../src/i2c_nss.c:540:6:Chip_I2C_SetClockRate	16	static
../src/i2c_nss.c:550:10:Chip_I2C_GetClockRate	8	static
../src/i2c_nss.c:556:5:Chip_I2C_SetMasterEventHandler	12	static
../src/i2c_nss.c:566:20:Chip_I2C_GetMasterEventHandler	0	static
../src/i2c_nss.c:572:14:Chip_I2C_MasterTransfer	32	static
../src/i2c_nss.c:601:5:Chip_I2C_MasterSend	48	static
../src/i2c_nss.c:615:5:Chip_I2C_MasterCmdRead	48	static
../src/i2c_nss.c:629:5:Chip_I2C_MasterRead	48	static
../src/i2c_nss.c:641:5:Chip_I2C_IsMasterActive	0	static
../src/i2c_nss.c:647:6:Chip_I2C_MasterStateHandler	16	static
../src/i2c_nss.c:655:6:Chip_I2C_SlaveSetup	16	static
../src/i2c_nss.c:674:6:Chip_I2C_SlaveStateHandler	24	static
../src/i2c_nss.c:710:6:Chip_I2C_Disable	0	static
../src/i2c_nss.c:716:5:Chip_I2C_IsStateChanged	0	static
../src/i2c_nss.c:493:6:Chip_I2C_EventHandlerPolling	16	static
