../src/i2d_nss.c:53:16:ConvertI2DInputToIOCONAnabus	8	static
../src/i2d_nss.c:102:6:Chip_I2D_DeInit	8	static
../src/i2d_nss.c:123:6:Chip_I2D_SetMode	0	static
../src/i2d_nss.c:129:12:Chip_I2D_GetMode	0	static
../src/i2d_nss.c:135:6:Chip_I2D_SetScalerGain	0	static
../src/i2d_nss.c:141:19:Chip_I2D_GetScalerGain	0	static
../src/i2d_nss.c:147:6:Chip_I2D_SetConverterGain	0	static
../src/i2d_nss.c:153:22:Chip_I2D_GetConverterGain	0	static
../src/i2d_nss.c:158:6:Chip_I2D_SetConverterIntegrationTime	0	static
../src/i2d_nss.c:114:6:Chip_I2D_Setup	16	static
../src/i2d_nss.c:165:5:Chip_I2D_GetConverterIntegrationTime	0	static
../src/i2d_nss.c:173:6:Chip_I2D_SetMuxInput	16	static
../src/i2d_nss.c:72:6:Chip_I2D_Init	24	static
../src/i2d_nss.c:181:13:Chip_I2D_GetMuxInput	0	static
../src/i2d_nss.c:186:6:Chip_I2D_Start	0	static
../src/i2d_nss.c:192:6:Chip_I2D_Stop	0	static
../src/i2d_nss.c:197:14:Chip_I2D_ReadStatus	0	static
../src/i2d_nss.c:211:5:Chip_I2D_GetValue	0	static
../src/i2d_nss.c:218:5:Chip_I2D_NativeToPicoAmpere	24	static
../src/i2d_nss.c:243:5:Chip_I2D_PicoAmpereToNative	16	static
../src/i2d_nss.c:273:6:Chip_I2D_Int_SetThresholdLow	0	static
../src/i2d_nss.c:278:5:Chip_I2D_Int_GetThresholdLow	0	static
../src/i2d_nss.c:283:6:Chip_I2D_Int_SetThresholdHigh	0	static
../src/i2d_nss.c:288:5:Chip_I2D_Int_GetThresholdHigh	0	static
../src/i2d_nss.c:293:6:Chip_I2D_Int_SetEnabledMask	0	static
../src/i2d_nss.c:298:11:Chip_I2D_Int_GetEnabledMask	0	static
../src/i2d_nss.c:303:11:Chip_I2D_Int_GetRawStatus	0	static
../src/i2d_nss.c:308:6:Chip_I2D_Int_ClearRawStatus	0	static
