../src/pmu_nss.c:62:13:ModifyRegister	24	static
../src/pmu_nss.c:78:13:PrepareLowPowerMode	8	static
../src/pmu_nss.c:102:6:Chip_PMU_PowerMode_EnterSleep	8	static
../src/pmu_nss.c:108:6:Chip_PMU_PowerMode_EnterDeepSleep	8	static
../src/pmu_nss.c:116:6:Chip_PMU_PowerMode_EnterDeepPowerDown	8	static
../src/pmu_nss.c:131:24:Chip_PMU_PowerMode_GetDPDWakeupReason	8	static
../src/pmu_nss.c:146:6:Chip_PMU_Switch_GetVDDBat	8	static
../src/pmu_nss.c:151:6:Chip_PMU_Switch_GetVNFC	8	static
../src/pmu_nss.c:156:6:Chip_PMU_Switch_OpenVDDBat	8	static
../src/pmu_nss.c:162:6:Chip_PMU_SetBODEnabled	8	static
../src/pmu_nss.c:167:6:Chip_PMU_GetBODEnabled	8	static
../src/pmu_nss.c:172:6:Chip_PMU_SetWakeupPinEnabled	8	static
../src/pmu_nss.c:177:6:Chip_PMU_GetWakeupPinEnabled	8	static
../src/pmu_nss.c:182:6:Chip_PMU_SetRTCClockSource	8	static
../src/pmu_nss.c:187:23:Chip_PMU_GetRTCClockSource	8	static
../src/pmu_nss.c:192:6:Chip_PMU_SetRetainedData	24	static
../src/pmu_nss.c:200:6:Chip_PMU_GetRetainedData	24	static
../src/pmu_nss.c:208:14:Chip_PMU_GetStatus	8	static
../src/pmu_nss.c:213:6:Chip_PMU_Int_SetEnabledMask	8	static
../src/pmu_nss.c:218:11:Chip_PMU_Int_GetEnabledMask	8	static
../src/pmu_nss.c:223:11:Chip_PMU_Int_GetRawStatus	8	static
../src/pmu_nss.c:228:6:Chip_PMU_Int_ClearRawStatus	8	static
../src/pmu_nss.c:233:6:Chip_PMU_SetAutoPowerEnabled	8	static
../src/pmu_nss.c:238:6:Chip_PMU_GetAutoPowerEnabled	8	static
